
From ..\Delivery\apps directory with Windows Explorer, created directory 00_03_freeimage_debug

cd to newly created 00_03_freeimage_debug

Run:
c:\Users\Admin\Documents\GitHub\Delivery\windows\compilers_and_utilities\dmd2\windows\bin64\dub.exe init

Package recipe format (sdl/json) [json]: sdl
Name [00_03_freeimage_debug]:
Description [A minimal D application.]:
Author name [Admin]: Kyle Heaser
License [proprietary]:
Copyright string [Copyright ┬⌐ 2023, Kyle Heaser]:
Add dependency (leave empty to skip) []:
     Success created empty project in C:\Users\Admin\Documents\GitHub\Delivery\apps\00_03_freeimage_debug
             Package successfully created in .
			 

C:\Users\Admin\Documents\GitHub\Delivery\apps\00_03_freeimage_debug>type dub.sdl
name "00_03_freeimage_debug"
description "A minimal D application."
authors "Kyle Heaser"
copyright "Copyright ┬⌐ 2023, Kyle Heaser"
license "proprietary"


C:\Users\Admin\Documents\GitHub\Delivery\apps\00_03_freeimage_debug>type .gitignore
.dub
docs.json
__dummy.html
docs/
/00_03_freeimage_debug
00_03_freeimage_debug.so
00_03_freeimage_debug.dylib
00_03_freeimage_debug.dll
00_03_freeimage_debug.a
00_03_freeimage_debug.lib
00_03_freeimage_debug-test-*
*.exe
*.pdb
*.o
*.obj
*.lst 

// DUB ADD command inserts specified package into .sdl or .json file

C:\Users\Admin\Documents\GitHub\Delivery\apps\00_03_freeimage_debug>c:\Users\Admin\Documents\GitHub\Delivery\windows\compilers_and_utilities\dmd2\windows\bin64\dub.exe add bindbc-freeimage
             Adding dependency bindbc-freeimage ~>1.0.2


			 
C:\Users\Admin\Documents\GitHub\Delivery\apps\00_03_freeimage_debug>type dub.sdl
name "00_03_freeimage_debug"
description "A minimal D application."
authors "Kyle Heaser"
copyright "Copyright ┬⌐ 2023, Kyle Heaser"
license "proprietary"
dependency "bindbc-freeimage" version="~>1.0.2"


// DUB BUILD compiles, etc.

C:\Users\Admin\Documents\GitHub\Delivery\apps\00_03_freeimage_debug>c:\Users\Admin\Documents\GitHub\Delivery\windows\compilers_and_utilities\dmd2\windows\bin64\dub.exe build
    Fetching bindbc-loader 1.0.3 (getting selected version)
    Starting Performing "debug" build using c:\Users\Admin\Documents\GitHub\Delivery\windows\compilers_and_utilities\dmd2\windows\bin64\dmd.exe for x86_64.
    Building bindbc-loader 1.0.3: building configuration [noBC]
    Building bindbc-freeimage 1.0.2: building configuration [dynamic]
    Building 00_03_freeimage_debug ~master: building configuration [application]
     Linking 00_03_freeimage_debug


// DUB RUN to execute the program	 
	 
	 
C:\Users\Admin\Documents\GitHub\Delivery\apps\00_03_freeimage_debug>c:\Users\Admin\Documents\GitHub\Delivery\windows\compilers_and_utilities\dmd2\windows\bin64\dub.exe run
    Starting Performing "debug" build using c:\Users\Admin\Documents\GitHub\Delivery\windows\compilers_and_utilities\dmd2\windows\bin64\dmd.exe for x86_64.
  Up-to-date bindbc-loader 1.0.3: target for configuration [noBC] is up to date.
  Up-to-date bindbc-freeimage 1.0.2: target for configuration [dynamic] is up to date.
  Up-to-date 00_03_freeimage_debug ~master: target for configuration [application] is up to date.
    Finished To force a rebuild of up-to-date targets, run again with --force
     Running 00_03_freeimage_debug.exe
Error Program exited with code -1073741515

Had to move msvcr120.dll into the same directory as .exe file.

// THIS WORKS!   

C:\Users\Admin\Documents\GitHub\Delivery\apps\00_03_freeimage_debug>00_03_freeimage_debug.exe
Edit source/app.d to start your project.


// ADD SOME more details to the .sdl file so it will work with runloop.exe and rundub.exe utilities

buildType   "release"
targetType  "executable"
mainSourceFile "/source/app.d"
targetPath "./../bin"


// NEED TO SPECIFY version of FreeImage Library in the dub.sdl file.

versions "FI_318"


// HERE WE OUTPUT THE CONTENTS =================================================================


C:\Users\Admin\Documents\GitHub\Delivery\apps\00_03_freeimage_debug>type dub.sdl
name "00_03_freeimage_debug"
description "A minimal D application."
authors "Kyle Heaser"
copyright "Copyright ┬⌐ 2023, Kyle Heaser"
license "proprietary"

buildType   "release"
targetType  "executable"
mainSourceFile "/source/app.d"
targetPath "./../bin"

dependency "bindbc-freeimage" version="~>1.0.2"
versions "FI_318"





// AFTER LOTS OF CHANGES BUILD STARTED TO FAIL =============================================

C:\Users\Admin\Documents\GitHub\Delivery\apps\00_03_freeimage_debug>C:\Users\Admin\Documents\GitHub\Delivery\windows\compilers_and_utilities\dmd2\windows\bin64\dub build app.d
     Warning Package 'app.d' was neither found locally nor online.

C:\Users\Admin\Documents\GitHub\Delivery\apps\00_03_freeimage_debug>C:\Users\Admin\Documents\GitHub\Delivery\windows\compilers_and_utilities\dmd2\windows\bin64\dub list
Packages present in the system and known to dub:
  00_03_freeimage_debug ~master: C:\Users\Admin\Documents\GitHub\Delivery\apps\00_03_freeimage_debug\
  bindbc-freeimage 1.0.2: C:\Users\Admin\AppData\Local\dub\packages\bindbc-freeimage-1.0.2\bindbc-freeimage\
  bindbc-glfw 1.0.1: C:\Users\Admin\AppData\Local\dub\packages\bindbc-glfw-1.0.1\bindbc-glfw\
  bindbc-glfw 1.0.2: C:\Users\Admin\AppData\Local\dub\packages\bindbc-glfw-1.0.2\bindbc-glfw\
  bindbc-loader 1.0.3: C:\Users\Admin\AppData\Local\dub\packages\bindbc-loader-1.0.3\bindbc-loader\
  bindbc-opengl 1.0.5: C:\Users\Admin\AppData\Local\dub\packages\bindbc-opengl-1.0.5\bindbc-opengl\


C:\Users\Admin\Documents\GitHub\Delivery\apps\00_03_freeimage_debug>C:\Users\Admin\Documents\GitHub\Delivery\windows\compilers_and_utilities\dmd2\windows\bin64\dmd.exe app.d
app.d(3): Error: unable to read module `freeimage`
app.d(3):        Expected 'bindbc\freeimage.d' or 'bindbc\freeimage\package.d' in one of the following import paths:
import path[0] = C:\Users\Admin\Documents\GitHub\Delivery\windows\compilers_and_utilities\dmd2\windows\bin64\..\..\src\phobos
import path[1] = C:\Users\Admin\Documents\GitHub\Delivery\windows\compilers_and_utilities\dmd2\windows\bin64\..\..\src\druntime\import

C:\Users\Admin\Documents\GitHub\Delivery\apps\00_03_freeimage_debug>C:\Users\Admin\Documents\GitHub\Delivery\windows\compilers_and_utilities\dmd2\windows\bin64\dub build
    Starting Performing "debug" build using C:\Users\Admin\Documents\GitHub\Delivery\windows\compilers_and_utilities\dmd2\windows\bin64\dmd.exe for x86_64.
  Up-to-date bindbc-loader 1.0.3: target for configuration [noBC] is up to date.
  Up-to-date bindbc-freeimage 1.0.2: target for configuration [dynamic] is up to date.
  Up-to-date bindbc-glfw 1.0.2: target for configuration [dynamic] is up to date.
    Building 00_03_freeimage_debug ~master: building configuration [application]
source\app.d(58,21): Error: undefined identifier `loadFreeImage`
source\app.d(61,11): Error: undefined identifier `loadFreeImage`



// ==================== glfw3.dll WORKS!   FreeImage.dll DOES NOT! ==========================


C:\Users\Admin\Documents\GitHub\Delivery\apps\00_03_freeimage_debug>where /R c:\ glfw3.dll
c:\Users\Admin\Documents\GitHub\Delivery\apps\00_03_freeimage_debug\glfw3.dll
c:\Users\Admin\Documents\GitHub\Delivery\apps\00_03_freeimage_debug\libs\glfw3.dll
c:\Users\Admin\Documents\GitHub\Delivery\windows\dynamic_libraries\glfw3.dll

C:\Users\Admin\Documents\GitHub\Delivery\apps\00_03_freeimage_debug>where /R c:\ FreeImage.dll
c:\Users\Admin\Documents\GitHub\Delivery\apps\00_03_freeimage_debug\FreeImage.dll
c:\Users\Admin\Documents\GitHub\Delivery\apps\00_03_freeimage_debug\libs\FreeImage.dll
c:\Users\Admin\Documents\GitHub\Delivery\apps\bin\FreeImage.dll
c:\Users\Admin\Documents\GitHub\Delivery\apps\bin\libs\FreeImage.dll
c:\Users\Admin\Documents\GitHub\Delivery\windows\dynamic_libraries\FreeImage.dll
c:\Users\Admin\Downloads\FreeImage3180Win32Win64 (3)\FreeImage\Dist\x32\FreeImage.dll
c:\Users\Admin\Downloads\FreeImage3180Win32Win64 (3)\FreeImage\Dist\x64\FreeImage.dll
c:\Windows\System32\FreeImage.dll



C:\Users\Admin\Documents\GitHub\Delivery\apps\00_03_freeimage_debug>where /R c:\ 00_03_freeimage_debug.exe
c:\Users\Admin\AppData\Local\dub\cache\00_03_freeimage_debug\~master\build\application-debug-windows-x86_64-dmd_v2.102.2-dirty-3BDB9A545F25C3257C2F853C4A32254A1A4DA7A23F027A23977746BBCD48BA15\00_03_freeimage_debug.exe
c:\Users\Admin\AppData\Local\dub\cache\00_03_freeimage_debug\~master\build\application-debug-windows-x86_64-dmd_v2.102.2-dirty-47AD3FC8A0995C3418C70A8CFE1E74B7EB17F42AED7C4D35DA30C1A1EAA52550\00_03_freeimage_debug.exe
c:\Users\Admin\AppData\Local\dub\cache\00_03_freeimage_debug\~master\build\application-debug-windows-x86_64-dmd_v2.102.2-dirty-531CEF3492D91AE039DD342BC097728ECE1C165E2DA2660B468DE83B1C79E0D9\00_03_freeimage_debug.exe
c:\Users\Admin\AppData\Local\dub\cache\00_03_freeimage_debug\~master\build\application-debug-windows-x86_64-dmd_v2.102.2-dirty-D194B91CEDCBDF66D80C37E5F08AFFAC54511682F3F3444CDB2C9D742E1A26F8\00_03_freeimage_debug.exe
c:\Users\Admin\AppData\Local\dub\cache\00_03_freeimage_debug\~master\build\application-debug-windows-x86_64-dmd_v2.102.2-dirty-F1D6336FDB06FB76F88A011952BFAB52DF687E95F1E6F7B967FA77EBB85F5D42\00_03_freeimage_debug.exe
c:\Users\Admin\AppData\Local\dub\cache\00_03_freeimage_debug\~master\build\application-debug-windows-x86_64-ldc_v1.32.0-7D0557EE01C80FEDB19C47681727DC9EF96DFE85188F2C9E1446735E06F9CCAC\00_03_freeimage_debug.exe
c:\Users\Admin\Documents\GitHub\Delivery\apps\00_03_freeimage_debug\00_03_freeimage_debug.exe
c:\Users\Admin\Documents\GitHub\Delivery\apps\bin\00_03_freeimage_debug.exe

dub clean   - Removes intermediate build files and cached build results

dub clean
    Cleaning artifacts for package 00_03_freeimage_debug at C:\Users\Admin\AppData\Local\dub\cache\00_03_freeimage_debug\~master




dub clean --all-packages    // Cleans up *all* known packages (dub list)





//===========================================================================================================================================

I finally went ahead and looked at the dependencies of FreeImage3180.

Try installing: https://www.microsoft.com/en-ca/download/details.aspx?id=48145

It requires VCOMP140.dll which comes with the 2015 VC redistribution package.

Found via: https://github.com/lucasg/Dependencies



https://learn.microsoft.com/en-us/cpp/windows/latest-supported-vc-redist?view=msvc-170

//===========================================================================================================================================